------------------------------------------------------------
Timing Analyzer Summary
------------------------------------------------------------

Type  : Slow 1100mV 85C Model Setup 'clk'
Slack : 38.332
TNS   : 0.000

Type  : Slow 1100mV 85C Model Hold 'clk'
Slack : 0.321
TNS   : 0.000

Type  : Slow 1100mV 85C Model Minimum Pulse Width 'clk'
Slack : 19.217
TNS   : 0.000

Type  : Slow 1100mV 0C Model Setup 'clk'
Slack : 38.344
TNS   : 0.000

Type  : Slow 1100mV 0C Model Hold 'clk'
Slack : 0.309
TNS   : 0.000

Type  : Slow 1100mV 0C Model Minimum Pulse Width 'clk'
Slack : 19.278
TNS   : 0.000

Type  : Fast 1100mV 85C Model Setup 'clk'
Slack : 38.953
TNS   : 0.000

Type  : Fast 1100mV 85C Model Hold 'clk'
Slack : 0.186
TNS   : 0.000

Type  : Fast 1100mV 85C Model Minimum Pulse Width 'clk'
Slack : 19.101
TNS   : 0.000

Type  : Fast 1100mV 0C Model Setup 'clk'
Slack : 39.029
TNS   : 0.000

Type  : Fast 1100mV 0C Model Hold 'clk'
Slack : 0.173
TNS   : 0.000

Type  : Fast 1100mV 0C Model Minimum Pulse Width 'clk'
Slack : 19.066
TNS   : 0.000

------------------------------------------------------------
